============================================================
  Generated by:           Genus(TM) Synthesis Solution 25.10-p002_1
  Generated on:           Jun 28 2026  11:09:46 am
  Module:                 median_filter
  Operating conditions:   PVT_0P9V_125C (balanced_tree)
  Wireload mode:          enclosed
  Area mode:              timing library
============================================================


Path 1: MET (1531 ps) Setup Check with Pin line_buff_1_reg[2032][5]/CK->SE
          Group: clk
     Startpoint: (R) i_href
          Clock: (R) clk
       Endpoint: (F) line_buff_1_reg[2032][5]/SE
          Clock: (R) clk

                     Capture       Launch     
        Clock Edge:+    4000            0     
        Drv Adjust:+       0            0     
       Src Latency:+       0            0     
       Net Latency:+       0 (I)        0 (I) 
           Arrival:=    4000            0     
                                              
             Setup:-     278                  
     Required Time:=    3722                  
      Launch Clock:-       0                  
       Input Delay:-    1000                  
         Data Path:-    1191                  
             Slack:=    1531                  

Exceptions/Constraints:
  input_delay             1000            new.sdc_line_3_1_1   

#----------------------------------------------------------------------------------------------------
#        Timing Point         Flags   Arc   Edge   Cell     Fanout Load Trans Delay Arrival Instance 
#                                                                  (fF)  (ps)  (ps)   (ps)  Location 
#----------------------------------------------------------------------------------------------------
  i_href                      -       -     R     (arrival)     26 10.7   100     0    1000    (-,-) 
  g123206/Y                   -       A->Y  F     INVX1          9  3.0   101   110    1110    (-,-) 
  g123581/Y                   -       B->Y  R     NOR2X1         5  1.3    92   107    1218    (-,-) 
  g122768/Y                   -       C->Y  R     AND3XL        14  6.8   260   326    1543    (-,-) 
  g122703/Y                   -       B->Y  F     NAND2X1       14  4.1   272   295    1838    (-,-) 
  drc_bufs123579/Y            -       A->Y  F     BUFX2          3  0.6    26   192    2030    (-,-) 
  g122348/Y                   -       B->Y  F     OR2X1         12  4.8   136   160    2191    (-,-) 
  line_buff_1_reg[2032][5]/SE <<<     -     F     SDFFQX1       12    -     -     0    2191    (-,-) 
#----------------------------------------------------------------------------------------------------

