============================================================
  Generated by:           Genus(TM) Synthesis Solution 25.10-p002_1
  Generated on:           Jun 28 2026  11:09:46 am
  Module:                 median_filter
  Operating conditions:   PVT_0P9V_125C (balanced_tree)
  Wireload mode:          enclosed
  Area mode:              timing library
============================================================

Timing
--------

Clock Period 
-------------
clk   4000.0 


  Cost    Critical         Violating 
 Group   Path Slack  TNS     Paths   
-------------------------------------
clk          1531.1   0.0          0 
default    No paths   0.0            
-------------------------------------
Total                 0.0          0 

Instance Count
--------------
Leaf Instance Count             45783 
Physical Instance count             0 
Sequential Instance Count       24639 
Combinational Instance Count    21144 
Hierarchical Instance Count         0 

Area
----
Cell Area                          223428.942
Physical Cell Area                 0.000
Total Cell Area (Cell+Physical)    223428.942
Net Area                           0.000
Total Area (Cell+Physical+Net)     223428.942

Max Fanout                         24639 (clk)
Min Fanout                         0 (rst_n)
Average Fanout                     3.8
Terms to net ratio                 4.7924
Terms to instance ratio            4.7937
Runtime                            1796.787303 seconds
Elapsed Runtime                    2135 seconds
Genus peak memory usage            2669.90 
Innovus peak memory usage          no_value 
Hostname                           lnx60
