###############################################################
#  Generated by:      Cadence Innovus 25.10-p002_1
#  OS:                Linux x86_64(Host ID lnx60)
#  Generated on:      Sun Jun 28 10:06:35 2026
#  Design:            gaussian_filter
#  Command:           report_constraint -all_violators > /home/niorr/FPT_Bulbasaurs/physical_design/results/gaussian/reports/all_violators.rpt
###############################################################
# format : frame 1 : split 1

max_delay/setup
---------------------------
No paths found

Check type : clock_period
---------------------------
No paths found

Check type : skew
---------------------------
No paths found

Check type : pulse_width
---------------------------
 No violating Checks with given description found

Check type : max_transition
---------------------------
 No Violations found

Check type : max_capacitance
---------------------------
 No Violations found

Check type : max_fanout
---------------------------
 No Violations found
