
Power Net Detected:
        Voltage	    Name
             0V	    VSS
           1.1V	    VDD
             0V	    VSS
           1.1V	    VDD
Using Power View: all.
AAE_INFO: opIsDesignInPostRouteState() is 1
#################################################################################
# Design Stage: PostRoute
# Design Name: gaussian_filter
# Design Mode: 90nm
# Analysis Mode: MMMC OCV 
# Parasitics Mode: No SPEF/RCDB 
# Signoff Settings: SI Off 
#################################################################################
#import 0 vias (num_signal=0 num_non_signal=0 num_extra_signal=0)
#WARNING (NRIF-95) Option setNanoRouteMode -routeTopRoutingLayer has invalid value "0". Reset to max routing layer "11".
#Extract in post route mode
#Finish check_net_pin_list step Enter extract_rc_in_nr_cmd
#Fast data preparation for tQuantus.
#WARNING (NRIF-95) Option setNanoRouteMode -routeTopRoutingLayer has invalid value "0". Reset to max routing layer "11".
#Start routing data preparation on Sun Jun 28 10:16:51 2026
#
#WARNING (NRIF-95) Option setNanoRouteMode -routeTopRoutingLayer has invalid value "0". Reset to max routing layer "11".
#WARNING (NRIF-95) Option setNanoRouteMode -routeTopRoutingLayer has invalid value "0". Reset to max routing layer "11".
# Metal1       H   Track-Pitch = 0.19000    Line-2-Via Pitch = 0.13000
# Metal2       V   Track-Pitch = 0.20000    Line-2-Via Pitch = 0.15000
# Metal3       H   Track-Pitch = 0.19000    Line-2-Via Pitch = 0.15000
# Metal4       V   Track-Pitch = 0.20000    Line-2-Via Pitch = 0.15000
# Metal5       H   Track-Pitch = 0.19000    Line-2-Via Pitch = 0.15000
# Metal6       V   Track-Pitch = 0.20000    Line-2-Via Pitch = 0.15000
# Metal7       H   Track-Pitch = 0.19000    Line-2-Via Pitch = 0.15000
# Metal8       V   Track-Pitch = 0.20000    Line-2-Via Pitch = 0.15000
# Metal9       H   Track-Pitch = 0.19000    Line-2-Via Pitch = 0.15000
# Metal10      V   Track-Pitch = 0.50000    Line-2-Via Pitch = 0.42000
# Metal11      H   Track-Pitch = 0.47500    Line-2-Via Pitch = 0.43000
#Regenerating Ggrids automatically.
#Auto generating G-grids with size=15 tracks, using layer Metal3's pitch = 0.19000.
#Using automatically generated G-grids.
#Done routing data preparation.
#cpu time = 00:00:00, elapsed time = 00:00:00, memory = 2816.05 (MB), peak = 2819.20 (MB)
#WARNING (NRIF-95) Option setNanoRouteMode -routeTopRoutingLayer has invalid value "0". Reset to max routing layer "11".
#Start routing data preparation on Sun Jun 28 10:16:52 2026
#
#WARNING (NRIF-95) Option setNanoRouteMode -routeTopRoutingLayer has invalid value "0". Reset to max routing layer "11".
#WARNING (NRIF-95) Option setNanoRouteMode -routeTopRoutingLayer has invalid value "0". Reset to max routing layer "11".
#Bottom routing layer index=1(Metal1), bottom routing layer for shielding=1(Metal1), bottom shield layer=1(Metal1)
#shield_bottom_stripe_layer=1(Metal1), shield_top_stripe_layer=11(Metal11)
#pin_access_rlayer=2(Metal2)
#shield_top_dpt_rlayer=-1 top_rlayer=11 top_trim_metal_rlayer=-1 rlayer_lowest=1 bottom_rlayer=1
#enable_trim_layer_shield=F enable_dpt_layer_shield=F has_line_end_grid=F
#enable_dpt_layer_shield=F
#has_line_end_grid=F
#Regenerating Ggrids automatically.
#Auto generating G-grids with size=15 tracks, using layer Metal3's pitch = 0.19000.
#Using automatically generated G-grids.
#Done routing data preparation.
#cpu time = 00:00:02, elapsed time = 00:00:02, memory = 2841.93 (MB), peak = 2841.93 (MB)
#
#Start tQuantus RC extraction...
#Start building rc corner(s)...
#Number of RC Corner = 1
#Corner all /home/niorr/Downloads/gsclib045_all_v4.8/gsclib045/qrc/qx/gpdk045.tch 25.000000 (real) 
#(i=11, n=11 2000)
#METAL_1 -> Metal1 (1)
#METAL_2 -> Metal2 (2)
#METAL_3 -> Metal3 (3)
#METAL_4 -> Metal4 (4)
#METAL_5 -> Metal5 (5)
#METAL_6 -> Metal6 (6)
#METAL_7 -> Metal7 (7)
#METAL_8 -> Metal8 (8)
#METAL_9 -> Metal9 (9)
#METAL_10 -> Metal10 (10)
#METAL_11 -> Metal11 (11)
#SADV-On
# Corner(s) : 
#all [25.00]
# Corner id: 0
# Layout Scale: 1.000000
# Has Metal Fill model: yes
# Temperature was set
# Temperature : 25.000000
# Ref. Temp   : 25.000000
#SADV-Off
#total pattern=286 [11, 792]
#Reading previously stored rc_model file ( /home/niorr/FPT_Bulbasaurs/physical_design/results/gaussian/layout/gaussian.enc.dat/libs/misc/rc_model.bin ) ...
#found CAPMODEL /home/niorr/Downloads/gsclib045_all_v4.8/gsclib045/qrc/qx/gpdk045.tch
#found RESMODEL /home/niorr/Downloads/gsclib045_all_v4.8/gsclib045/qrc/qx/gpdk045.tch 25.000000 
#CCE Version read = IQuantus/TQuantus 24.1.0-s201
#number model r/c [1,1] [11,792] read
#0 rcmodel(s) requires rebuild
#Build RC corners: cpu time = 00:00:01, elapsed time = 00:00:01, memory = 2866.25 (MB), peak = 2874.87 (MB)
#Finish check_net_pin_list step Enter extract
#Start init net ripin tree building
#Finish init net ripin tree building
#Cpu time = 00:00:00
#Elapsed time = 00:00:00
#Increased memory = 0.03 (MB)
#Total memory = 2866.29 (MB)
#Peak memory = 2874.87 (MB)
#begin processing metal fill model file
#end processing metal fill model file
#WARNING (NRIF-95) Option setNanoRouteMode -routeTopRoutingLayer has invalid value "0". Reset to max routing layer "11".
#Length limit = 200 pitches
#opt mode = 2
#Finish check_net_pin_list step Fix net pin list
#Start generate extraction boxes.
#
#Extract using 30 x 30 Hboxes
#7x7 initial hboxes
#Use area based hbox pruning.
#0/0 hboxes pruned.
#Complete generating extraction boxes.
#Extract 34 hboxes with single thread on machine with  Core_i5 3.10GHz 3072KB Cache 4CPU...
#Process 0 special clock nets for rc extraction
#Total 29581 nets were built. 2018 nodes added to break long wires. 0 net(s) have incomplete routes.
#Run Statistics for Extraction:
#   Cpu time = 00:00:20, elapsed time = 00:00:21 .
#   Increased memory =   123.54 (MB), total memory =  2990.60 (MB), peak memory =  2990.60 (MB)
#Register nets and terms for rcdb /home/niorr/log/innovus_temp_78855_211cfae5-f110-47b3-91b6-feb357614091_lnx60_niorr_upW8d6/nr0_78855_211cfae5-f110-47b3-91b6-feb3576140915PYyEN.rcdb.d
#Finish registering nets and terms for rcdb.
#Simplify RC tree: cpu time = 00:00:00, elapsed time = 00:00:00, memory = 2961.73 (MB), peak = 2989.82 (MB)
#WARNING (NRIF-95) Option setNanoRouteMode -routeTopRoutingLayer has invalid value "0". Reset to max routing layer "11".
#RC Statistics: 235626 Res, 127307 Ground Cap, 0 XCap (Edge to Edge)
#WARNING (NREX-102) Net i_data[1] is not extracted due to Has no routing. The result of timing analysis involving such net is inaccurate.
#WARNING (NREX-102) Net i_data[2] is not extracted due to Has no routing. The result of timing analysis involving such net is inaccurate.
#WARNING (NREX-102) Net i_data[3] is not extracted due to Has no routing. The result of timing analysis involving such net is inaccurate.
#WARNING (NREX-102) Net i_data[4] is not extracted due to Has no routing. The result of timing analysis involving such net is inaccurate.
#WARNING (NREX-102) Net i_data[11] is not extracted due to Has no routing. The result of timing analysis involving such net is inaccurate.
#WARNING (NREX-102) Net i_data[12] is not extracted due to Has no routing. The result of timing analysis involving such net is inaccurate.
#WARNING (NREX-102) Net i_data[13] is not extracted due to Has no routing. The result of timing analysis involving such net is inaccurate.
#WARNING (NREX-102) Net i_data[14] is not extracted due to Has no routing. The result of timing analysis involving such net is inaccurate.
#WARNING (NREX-102) Net i_data[15] is not extracted due to Has no routing. The result of timing analysis involving such net is inaccurate.
#WARNING (NREX-102) Net i_data[0] is not extracted due to Has no routing. The result of timing analysis involving such net is inaccurate.
#WARNING (NREX-102) Net FE_RN_1 is not extracted due to Has no routing. The result of timing analysis involving such net is inaccurate.
#WARNING (NREX-102) Net FE_RN_2 is not extracted due to Has no routing. The result of timing analysis involving such net is inaccurate.
#WARNING (NREX-102) Net FE_RN_3 is not extracted due to Has no routing. The result of timing analysis involving such net is inaccurate.
#WARNING (NREX-102) Net FE_RN_4 is not extracted due to Has no routing. The result of timing analysis involving such net is inaccurate.
#WARNING (NREX-102) Net FE_RN_5 is not extracted due to Has no routing. The result of timing analysis involving such net is inaccurate.
#WARNING (NREX-102) Net FE_RN_6 is not extracted due to Has no routing. The result of timing analysis involving such net is inaccurate.
#WARNING (NREX-102) Net VDD is not extracted due to Has no routing. The result of timing analysis involving such net is inaccurate.
#WARNING (NREX-102) Net VSS is not extracted due to Has no routing. The result of timing analysis involving such net is inaccurate.
#WARNING (NREX-102) Net final_sum[0] is not extracted due to Has no routing. The result of timing analysis involving such net is inaccurate.
#WARNING (NREX-102) Net final_sum[1] is not extracted due to Has no routing. The result of timing analysis involving such net is inaccurate.
#WARNING (EMS-27) Message (NREX-102) has exceeded the current message display limit of 20.
#To increase the message display limit, refer to the product command reference manual.
#RC V/H edge ratio: 0.51, Avg V/H Edge Length: 3679.51 (132858), Avg L-Edge Length: 7979.86 (59298)
#Nets and terms are pre-registered for rcdb /home/niorr/log/innovus_temp_78855_211cfae5-f110-47b3-91b6-feb357614091_lnx60_niorr_upW8d6/nr0_78855_211cfae5-f110-47b3-91b6-feb3576140915PYyEN.rcdb.d.
#Start writing RC data.
#Finish writing RC data
#Finish writing rcdb with 266406 nodes, 236825 edges, and 0 xcaps
#cpu time = 00:00:01, elapsed time = 00:00:01, memory = 2955.16 (MB), peak = 2989.82 (MB)
Restoring parasitic data from file '/home/niorr/log/innovus_temp_78855_211cfae5-f110-47b3-91b6-feb357614091_lnx60_niorr_upW8d6/nr0_78855_211cfae5-f110-47b3-91b6-feb3576140915PYyEN.rcdb.d' ...
Reading RCDB with compressed RC data.
Reading RCDB with compressed RC data.
Begin read_parasitics... (cpu: 0:00:00.0 real: 0:00:00.0 mem: 2955.973M)
Following multi-corner parasitics specified:
	/home/niorr/log/innovus_temp_78855_211cfae5-f110-47b3-91b6-feb357614091_lnx60_niorr_upW8d6/nr0_78855_211cfae5-f110-47b3-91b6-feb3576140915PYyEN.rcdb.d (rcdb)
Reading RCDB with compressed RC data.
		Cell gaussian_filter has rcdb /home/niorr/log/innovus_temp_78855_211cfae5-f110-47b3-91b6-feb357614091_lnx60_niorr_upW8d6/nr0_78855_211cfae5-f110-47b3-91b6-feb3576140915PYyEN.rcdb.d specified
Cell gaussian_filter, hinst 
Reading RCDB with compressed RC data.
Done read_parasitics... (cpu: 0:00:00.6 real: 0:00:01.0 mem: 2956.711M)
#
#Restore RCDB.
#
#Complete tQuantus RC extraction.
#Cpu time = 00:00:23
#Elapsed time = 00:00:23
#Increased memory = 114.69 (MB)
#Total memory = 2956.71 (MB)
#Peak memory = 2989.82 (MB)
#
#2018 inserted nodes are removed
#Restored 0 tie nets, 0 tie snets, 0 partial nets
#Start Design Signature (0)
#Finish Inst Signature in MT(41161553)
#Finish Net Signature in MT(73983226)
#Finish SNet Signature in MT (121614435)
#Run time and memory report for RC extraction:
#RC extraction running on  Core_i5 3.10GHz 3072KB Cache 4CPU.
#Run Statistics for snet signature:
#   Cpu time = 00:00:00, elapsed time = 00:00:00 .
#   Increased memory =     0.00 (MB), total memory =  2883.67 (MB), peak memory =  2989.82 (MB)
#Run Statistics for Net Final Signature:
#   Cpu time = 00:00:00, elapsed time = 00:00:00 .
#   Increased memory =     0.00 (MB), total memory =  2883.67 (MB), peak memory =  2989.82 (MB)
#Run Statistics for Net launch:
#   Cpu time = 00:00:00, elapsed time = 00:00:00 .
#   Increased memory =     0.06 (MB), total memory =  2883.67 (MB), peak memory =  2989.82 (MB)
#Run Statistics for Net init_dbsNet_slist:
#   Cpu time = 00:00:00, elapsed time = 00:00:00 .
#   Increased memory =     0.00 (MB), total memory =  2883.61 (MB), peak memory =  2989.82 (MB)
#Run Statistics for net signature:
#   Cpu time = 00:00:00, elapsed time = 00:00:00 .
#   Increased memory =     0.06 (MB), total memory =  2883.67 (MB), peak memory =  2989.82 (MB)
#Run Statistics for inst signature:
#   Cpu time = 00:00:00, elapsed time = 00:00:00 .
#   Increased memory =    -0.54 (MB), total memory =  2883.61 (MB), peak memory =  2989.82 (MB)
Start delay calculation (fullDC) (1 T). (MEM=2938.98)
*** Calculating scaling factor for max libraries using the default operating condition of each library.
AAE_INFO: Cdb files are: 
 	/home/niorr/FPT_Bulbasaurs/physical_design/results/gaussian/layout/gaussian.enc.dat/libs/mmmc/fast.cdb
	/home/niorr/FPT_Bulbasaurs/physical_design/results/gaussian/layout/gaussian.enc.dat/libs/mmmc/slow.cdb
 
**WARN: (IMPESI-3311):	Pin CO of Cell ADDFHX2 for timing library fast_vdd1v0 has different voltage for the vivo between CDB(1.32) and timing library(1.1). This vivo will be ignored.
Type 'man IMPESI-3311' for more detail.
**WARN: (IMPESI-3311):	Pin CO of Cell ADDFHX2 for timing library fast_vdd1v0 has different voltage for the vivo between CDB(1.32) and timing library(1.1). This vivo will be ignored.
Type 'man IMPESI-3311' for more detail.
**WARN: (IMPESI-3311):	Pin CO of Cell ADDFHX2 for timing library fast_vdd1v0 has different voltage for the vivo between CDB(1.32) and timing library(1.1). This vivo will be ignored.
Type 'man IMPESI-3311' for more detail.
**WARN: (IMPESI-3311):	Pin CO of Cell ADDFHX2 for timing library fast_vdd1v0 has different voltage for the vivo between CDB(1.32) and timing library(1.1). This vivo will be ignored.
Type 'man IMPESI-3311' for more detail.
**WARN: (IMPESI-3311):	Pin CO of Cell ADDFHX2 for timing library fast_vdd1v0 has different voltage for the vivo between CDB(1.32) and timing library(1.1). This vivo will be ignored.
Type 'man IMPESI-3311' for more detail.
**WARN: (IMPESI-3311):	Pin CO of Cell ADDFHX2 for timing library fast_vdd1v0 has different voltage for the vivo between CDB(1.32) and timing library(1.1). This vivo will be ignored.
Type 'man IMPESI-3311' for more detail.
**WARN: (IMPESI-3311):	Pin CO of Cell ADDFHX2 for timing library fast_vdd1v0 has different voltage for the vivo between CDB(1.32) and timing library(1.1). This vivo will be ignored.
Type 'man IMPESI-3311' for more detail.
**WARN: (IMPESI-3311):	Pin CO of Cell ADDFHX2 for timing library fast_vdd1v0 has different voltage for the vivo between CDB(1.32) and timing library(1.1). This vivo will be ignored.
Type 'man IMPESI-3311' for more detail.
**WARN: (IMPESI-3311):	Pin S of Cell ADDFHX2 for timing library fast_vdd1v0 has different voltage for the vivo between CDB(1.32) and timing library(1.1). This vivo will be ignored.
Type 'man IMPESI-3311' for more detail.
**WARN: (IMPESI-3311):	Pin S of Cell ADDFHX2 for timing library fast_vdd1v0 has different voltage for the vivo between CDB(1.32) and timing library(1.1). This vivo will be ignored.
Type 'man IMPESI-3311' for more detail.
**WARN: (IMPESI-3311):	Pin S of Cell ADDFHX2 for timing library fast_vdd1v0 has different voltage for the vivo between CDB(1.32) and timing library(1.1). This vivo will be ignored.
Type 'man IMPESI-3311' for more detail.
**WARN: (IMPESI-3311):	Pin S of Cell ADDFHX2 for timing library fast_vdd1v0 has different voltage for the vivo between CDB(1.32) and timing library(1.1). This vivo will be ignored.
Type 'man IMPESI-3311' for more detail.
**WARN: (IMPESI-3311):	Pin S of Cell ADDFHX2 for timing library fast_vdd1v0 has different voltage for the vivo between CDB(1.32) and timing library(1.1). This vivo will be ignored.
Type 'man IMPESI-3311' for more detail.
**WARN: (IMPESI-3311):	Pin S of Cell ADDFHX2 for timing library fast_vdd1v0 has different voltage for the vivo between CDB(1.32) and timing library(1.1). This vivo will be ignored.
Type 'man IMPESI-3311' for more detail.
**WARN: (IMPESI-3311):	Pin S of Cell ADDFHX2 for timing library fast_vdd1v0 has different voltage for the vivo between CDB(1.32) and timing library(1.1). This vivo will be ignored.
Type 'man IMPESI-3311' for more detail.
**WARN: (IMPESI-3311):	Pin S of Cell ADDFHX2 for timing library fast_vdd1v0 has different voltage for the vivo between CDB(1.32) and timing library(1.1). This vivo will be ignored.
Type 'man IMPESI-3311' for more detail.
**WARN: (IMPESI-3311):	Pin CO of Cell ADDFHX2 for timing library fast_vdd1v0 has different voltage for the vivo between CDB(1.32) and timing library(1.1). This vivo will be ignored.
Type 'man IMPESI-3311' for more detail.
**WARN: (IMPESI-3311):	Pin CO of Cell ADDFHX2 for timing library fast_vdd1v0 has different voltage for the vivo between CDB(1.32) and timing library(1.1). This vivo will be ignored.
Type 'man IMPESI-3311' for more detail.
**WARN: (IMPESI-3311):	Pin CO of Cell ADDFHX2 for timing library fast_vdd1v0 has different voltage for the vivo between CDB(1.32) and timing library(1.1). This vivo will be ignored.
Type 'man IMPESI-3311' for more detail.
**WARN: (IMPESI-3311):	Pin CO of Cell ADDFHX2 for timing library fast_vdd1v0 has different voltage for the vivo between CDB(1.32) and timing library(1.1). This vivo will be ignored.
Type 'man IMPESI-3311' for more detail.
Reading RCDB with compressed RC data.
Total number of fetched objects 29581
AAE_INFO: Total number of nets for which stage creation was skipped for all views 0
Total number of fetched objects 29581
AAE_INFO: Total number of nets for which stage creation was skipped for all views 0
End delay calculation. (MEM=3035.32 CPU=0:00:06.7 REAL=0:00:07.0)
End delay calculation (fullDC). (MEM=3020.39 CPU=0:00:08.3 REAL=0:00:14.0)
Load RC corner of view all

Begin Power Analysis

             0V	    VSS
           1.1V	    VDD

Begin Processing Timing Library for Power Calculation

Ended Processing Timing Library for Power Calculation: (cpu=0:00:00, real=0:00:00, mem(process/total/peak)=3034.41MB/9304.55MB/3034.62MB)



Begin Processing Power Net/Grid for Power Calculation

Ended Processing Power Net/Grid for Power Calculation: (cpu=0:00:00, real=0:00:00, mem(process/total/peak)=3034.41MB/9304.55MB/3034.62MB)

Begin Processing Timing Window Data for Power Calculation

clk(250MHz) CK: assigning clock clk to net clk
Ended Processing Timing Window Data for Power Calculation: (cpu=0:00:00, real=0:00:00, mem(process/total/peak)=3045.53MB/9304.55MB/3045.53MB)

Begin Processing User Attributes

Ended Processing User Attributes: (cpu=0:00:00, real=0:00:00, mem(process/total/peak)=3048.18MB/9304.55MB/3048.18MB)

Begin Processing Signal Activity


Starting Levelizing
2026-Jun-28 10:17:36 (2026-Jun-28 03:17:36 GMT)
2026-Jun-28 10:17:37 (2026-Jun-28 03:17:37 GMT): 10%
2026-Jun-28 10:17:37 (2026-Jun-28 03:17:37 GMT): 20%
2026-Jun-28 10:17:37 (2026-Jun-28 03:17:37 GMT): 30%
2026-Jun-28 10:17:37 (2026-Jun-28 03:17:37 GMT): 40%
2026-Jun-28 10:17:37 (2026-Jun-28 03:17:37 GMT): 50%
2026-Jun-28 10:17:37 (2026-Jun-28 03:17:37 GMT): 60%
2026-Jun-28 10:17:37 (2026-Jun-28 03:17:37 GMT): 70%
2026-Jun-28 10:17:37 (2026-Jun-28 03:17:37 GMT): 80%
2026-Jun-28 10:17:37 (2026-Jun-28 03:17:37 GMT): 90%

Finished Levelizing
2026-Jun-28 10:17:37 (2026-Jun-28 03:17:37 GMT)

Starting Activity Propagation
2026-Jun-28 10:17:37 (2026-Jun-28 03:17:37 GMT)
2026-Jun-28 10:17:38 (2026-Jun-28 03:17:38 GMT): 10%

Finished Activity Propagation
2026-Jun-28 10:17:39 (2026-Jun-28 03:17:39 GMT)
Ended Processing Signal Activity: (cpu=0:00:02, real=0:00:02, mem(process/total/peak)=3052.96MB/9304.55MB/3052.96MB)

Begin Power Computation

      ----------------------------------------------------------
      # of cell(s) missing both power/leakage table: 0
      # of cell(s) missing power table: 0
      # of cell(s) missing leakage table: 0
      ----------------------------------------------------------



Starting Calculating power
2026-Jun-28 10:17:39 (2026-Jun-28 03:17:39 GMT)
 ... Calculating switching power
2026-Jun-28 10:17:39 (2026-Jun-28 03:17:39 GMT): 10%
2026-Jun-28 10:17:39 (2026-Jun-28 03:17:39 GMT): 20%
2026-Jun-28 10:17:39 (2026-Jun-28 03:17:39 GMT): 30%
2026-Jun-28 10:17:39 (2026-Jun-28 03:17:39 GMT): 40%
2026-Jun-28 10:17:39 (2026-Jun-28 03:17:39 GMT): 50%
 ... Calculating internal and leakage power
2026-Jun-28 10:17:40 (2026-Jun-28 03:17:40 GMT): 60%
2026-Jun-28 10:17:40 (2026-Jun-28 03:17:40 GMT): 70%
2026-Jun-28 10:17:41 (2026-Jun-28 03:17:41 GMT): 80%
2026-Jun-28 10:17:42 (2026-Jun-28 03:17:42 GMT): 90%

Finished Calculating power
2026-Jun-28 10:17:43 (2026-Jun-28 03:17:43 GMT)
      # of MSMV cell(s) missing power_level: 0
Ended Power Computation: (cpu=0:00:04, real=0:00:04, mem(process/total/peak)=3055.46MB/9304.55MB/3055.46MB)

Begin Processing User Attributes

Begin Processing set_power
Ended Processing set_power: (cpu=0:00:00, real=0:00:00,
mem(process/total/peak)=3055.59MB/9304.55MB/3055.59MB)
Ended Processing User Attributes: (cpu=0:00:00, real=0:00:00, mem(process/total/peak)=3055.59MB/9304.55MB/3055.59MB)

Ended Power Analysis: (cpu=0:00:07, real=0:00:07, mem(process/total/peak)=3055.59MB/9304.55MB/3055.59MB)

Begin Boundary Leakage Calculation
Ended Boundary Leakage Calculation: (cpu=0:00:00, real=0:00:00,
mem(process/total/peak)=3055.59MB/9304.55MB/3055.59MB)
Begin Static Power Report Generation
*----------------------------------------------------------------------------------------
*	Innovus 25.10-p002_1 (64bit) 04/23/2025 12:43 (Linux 4.18.0-305.el8.x86_64)
*	
*
* 	Date & Time:	2026-Jun-28 10:17:43 (2026-Jun-28 03:17:43 GMT)
*
*----------------------------------------------------------------------------------------
*
*	Design: gaussian_filter
*
*	Liberty Libraries used:
*	        all: /home/niorr/FPT_Bulbasaurs/physical_design/results/gaussian/layout/gaussian.enc.dat/libs/mmmc/fast_vdd1v0_basicCells.lib
*
*	Parasitic Files used:
*
*       Power View : all
*
*       User-Defined Activity : N.A.
*
*       Activity File: N.A.
*
*       Hierarchical Global Activity: N.A.
*
*       Global Activity: N.A.
*
*       Sequential Element Activity: 0.200000
*
*       Primary Input Activity: 0.200000
*
*       Default icg ratio: N.A.
*
*       Global Comb ClockGate Ratio: N.A.
*
*	Power Units = 1mW
*
*	Time Units = 1e-09 secs
*
*       report_power
*
-----------------------------------------------------------------------------------------
*



Total Power
-----------------------------------------------------------------------------------------
Total Internal Power:       13.25084054 	   77.3447%
Total Switching Power:       3.87391884 	   22.6119%
Total Leakage Power:         0.00741973 	    0.0433%
Total Power:                17.13217910
-----------------------------------------------------------------------------------------


Group                           Internal   Switching     Leakage       Total  Percentage 
                                Power      Power         Power         Power  (%)        
-----------------------------------------------------------------------------------------
Sequential                         12.81      0.6046    0.005931       13.42       78.34
Macro                                  0           0           0           0           0
IO                                     0           0           0           0           0
Combinational                     0.0762      0.6279    0.001431      0.7055       4.118
Clock (Combinational)             0.3639       2.641   5.685e-05       3.005       17.54
Clock (Sequential)                     0           0           0           0           0
-----------------------------------------------------------------------------------------
Total                              13.25       3.874     0.00742       17.13         100
-----------------------------------------------------------------------------------------


Rail                  Voltage   Internal   Switching     Leakage       Total  Percentage 
                                Power      Power         Power         Power  (%)        
-----------------------------------------------------------------------------------------
VDD                       1.1      13.25       3.874     0.00742       17.13         100


Clock                           Internal   Switching     Leakage       Total  Percentage 
                                Power      Power         Power         Power  (%)        
-----------------------------------------------------------------------------------------
clk                               0.3639       2.641   5.685e-05       3.005       17.54
-----------------------------------------------------------------------------------------
Total                             0.3639       2.641   5.685e-05       3.005       17.54
-----------------------------------------------------------------------------------------
Clock: clk
Clock Period: 0.004000 usec 
Clock Toggle Rate:   500.0000 Mhz 
Clock Static Probability:  0.5000
  
** WARN:  (VOLTUS_POWR-3424): Cell NAND4X1 has no power pin defined in LEF/PGV.

** WARN:  (VOLTUS_POWR-3424): Cell AOI22XL has no power pin defined in LEF/PGV.

** WARN:  (VOLTUS_POWR-3424): Cell OAI22X1 has no power pin defined in LEF/PGV.

** WARN:  (VOLTUS_POWR-3424): Cell NOR4X1 has no power pin defined in LEF/PGV.

** WARN:  (VOLTUS_POWR-3424): Cell NAND2BXL has no power pin defined in LEF/PGV.

** WARN:  (VOLTUS_POWR-3424): Cell CLKINVX20 has no power pin defined in LEF/PGV.

** WARN:  (VOLTUS_POWR-3424): Cell INVX6 has no power pin defined in LEF/PGV.

** WARN:  (VOLTUS_POWR-3424): Cell XNOR2X1 has no power pin defined in LEF/PGV.

** WARN:  (VOLTUS_POWR-3424): Cell NAND3BXL has no power pin defined in LEF/PGV.

** WARN:  (VOLTUS_POWR-3424): Cell INVXL has no power pin defined in LEF/PGV.

** WARN:  (VOLTUS_POWR-3424): Cell NOR2X1 has no power pin defined in LEF/PGV.

** WARN:  (VOLTUS_POWR-3424): Cell OR2X4 has no power pin defined in LEF/PGV.

** WARN:  (VOLTUS_POWR-3424): Cell OR2X1 has no power pin defined in LEF/PGV.

** WARN:  (VOLTUS_POWR-3424): Cell INVX1 has no power pin defined in LEF/PGV.

** WARN:  (VOLTUS_POWR-3424): Cell AND2X4 has no power pin defined in LEF/PGV.

** WARN:  (VOLTUS_POWR-3424): Cell MXI2XL has no power pin defined in LEF/PGV.

** WARN:  (VOLTUS_POWR-3424): Cell OAI211X1 has no power pin defined in LEF/PGV.

** WARN:  (VOLTUS_POWR-3424): Cell CLKBUFX8 has no power pin defined in LEF/PGV.

** WARN:  (VOLTUS_POWR-3424): Cell SDFFHQX4 has no power pin defined in LEF/PGV.

** WARN:  (VOLTUS_POWR-3424): Cell ADDFX1 has no power pin defined in LEF/PGV.

** WARN:  (EMS-27): Message (VOLTUS_POWR-3424) has exceeded the current message display limit of 20.
To increase the message display limit, refer to the product command reference manual.

 
 
-----------------------------------------------------------------------------------------
*	Power Distribution Summary: 
*              Highest Average Power:       CTS_ccl_a_buf_00157 (CLKBUFX20):          0.04112
*              Highest Leakage Power:       CTS_ccl_a_buf_00160 (CLKBUFX20):        1.033e-06
*                Total Cap:      9.89038e-11 F
*                Total instances in design: 29550
*                Total instances in design with no power:     0
*                Total instances in design with no activty:     0

*                Total Fillers and Decap:     0
-----------------------------------------------------------------------------------------
 
** INFO:  (VOLTUS_POWR-3465): There are 0 decaps and 0 fillers in the design

Ended Static Power Report Generation: (cpu=0:00:00, real=0:00:00,
mem(process/total/peak)=3067.99MB/9304.55MB/3067.99MB)

Begin Creating Binary Database
Ended Creating Binary Database: (cpu=0:00:02, real=0:00:05,
mem(process/total/peak)=3589.44MB/10842.97MB/3589.44MB)
