             0V	    VSS
           1.1V	    VDD
Using Power View: all.
AAE_INFO: opIsDesignInPostRouteState() is 1
#################################################################################
# Design Stage: PostRoute
# Design Name: gaussian_filter
# Design Mode: 90nm
# Analysis Mode: MMMC OCV 
# Parasitics Mode: SPEF/RCDB 
# Signoff Settings: SI Off 
#################################################################################
Start delay calculation (fullDC) (1 T). (MEM=3599.18)
*** Calculating scaling factor for max libraries using the default operating condition of each library.
Total number of fetched objects 29581
AAE_INFO: Total number of nets for which stage creation was skipped for all views 0
Total number of fetched objects 29581
AAE_INFO: Total number of nets for which stage creation was skipped for all views 0
End delay calculation. (MEM=3613.99 CPU=0:00:08.1 REAL=0:00:04.0)
End delay calculation (fullDC). (MEM=3613.99 CPU=0:00:08.9 REAL=0:00:05.0)
Load RC corner of view all

Begin Power Analysis

             0V	    VSS
           1.1V	    VDD

Begin Processing Timing Library for Power Calculation

Ended Processing Timing Library for Power Calculation: (cpu=0:00:00, real=0:00:00, mem(process/total/peak)=3098.39MB/10842.97MB/3589.44MB)



Begin Processing Power Net/Grid for Power Calculation

Ended Processing Power Net/Grid for Power Calculation: (cpu=0:00:00, real=0:00:00, mem(process/total/peak)=3098.39MB/10842.97MB/3589.44MB)

Begin Processing Timing Window Data for Power Calculation

CK: assigning clock clk to net clk
Ended Processing Timing Window Data for Power Calculation: (cpu=0:00:00, real=0:00:00, mem(process/total/peak)=3098.39MB/10842.97MB/3589.44MB)

Begin Processing User Attributes

Ended Processing User Attributes: (cpu=0:00:00, real=0:00:00, mem(process/total/peak)=3098.39MB/10842.97MB/3589.44MB)

Begin Processing Signal Activity


Starting Activity Propagation
2026-Jun-28 10:17:58 (2026-Jun-28 03:17:58 GMT)
2026-Jun-28 10:17:59 (2026-Jun-28 03:17:59 GMT): 10%

Finished Activity Propagation
2026-Jun-28 10:18:00 (2026-Jun-28 03:18:00 GMT)
Ended Processing Signal Activity: (cpu=0:00:01, real=0:00:01, mem(process/total/peak)=3100.51MB/10842.97MB/3589.44MB)

Begin Power Computation

      ----------------------------------------------------------
      # of cell(s) missing both power/leakage table: 0
      # of cell(s) missing power table: 0
      # of cell(s) missing leakage table: 0
      ----------------------------------------------------------



Starting Calculating power
2026-Jun-28 10:18:00 (2026-Jun-28 03:18:00 GMT)
 ... Calculating switching power
2026-Jun-28 10:18:00 (2026-Jun-28 03:18:00 GMT): 10%
2026-Jun-28 10:18:00 (2026-Jun-28 03:18:00 GMT): 20%
2026-Jun-28 10:18:00 (2026-Jun-28 03:18:00 GMT): 30%
2026-Jun-28 10:18:00 (2026-Jun-28 03:18:00 GMT): 40%
2026-Jun-28 10:18:00 (2026-Jun-28 03:18:00 GMT): 50%
 ... Calculating internal and leakage power
2026-Jun-28 10:18:01 (2026-Jun-28 03:18:01 GMT): 60%
2026-Jun-28 10:18:02 (2026-Jun-28 03:18:02 GMT): 70%
2026-Jun-28 10:18:02 (2026-Jun-28 03:18:02 GMT): 80%
2026-Jun-28 10:18:03 (2026-Jun-28 03:18:03 GMT): 90%

Finished Calculating power
2026-Jun-28 10:18:04 (2026-Jun-28 03:18:04 GMT)
      # of MSMV cell(s) missing power_level: 0
Ended Power Computation: (cpu=0:00:04, real=0:00:04, mem(process/total/peak)=3100.51MB/10842.97MB/3589.44MB)

Begin Processing User Attributes

Begin Processing set_power
Ended Processing set_power: (cpu=0:00:00, real=0:00:00,
mem(process/total/peak)=3100.51MB/10842.97MB/3589.44MB)
Ended Processing User Attributes: (cpu=0:00:00, real=0:00:00, mem(process/total/peak)=3100.51MB/10842.97MB/3589.44MB)

Ended Power Analysis: (cpu=0:00:06, real=0:00:06, mem(process/total/peak)=3100.51MB/10842.97MB/3589.44MB)

Begin Boundary Leakage Calculation
Ended Boundary Leakage Calculation: (cpu=0:00:00, real=0:00:00,
mem(process/total/peak)=3100.51MB/10842.97MB/3589.44MB)
Begin Static Power Report Generation
*----------------------------------------------------------------------------------------
*	Innovus 25.10-p002_1 (64bit) 04/23/2025 12:43 (Linux 4.18.0-305.el8.x86_64)
*	
*
* 	Date & Time:	2026-Jun-28 10:18:04 (2026-Jun-28 03:18:04 GMT)
*
*----------------------------------------------------------------------------------------
*
*	Design: gaussian_filter
*
*	Liberty Libraries used:
*	        all: /home/niorr/FPT_Bulbasaurs/physical_design/results/gaussian/layout/gaussian.enc.dat/libs/mmmc/fast_vdd1v0_basicCells.lib
*
*	Parasitic Files used:
*
*       Power View : all
*
*       User-Defined Activity : N.A.
*
*       Activity File: N.A.
*
*       Hierarchical Global Activity: N.A.
*
*       Global Activity: N.A.
*
*       Sequential Element Activity: 0.200000
*
*       Primary Input Activity: 0.200000
*
*       Default icg ratio: N.A.
*
*       Global Comb ClockGate Ratio: N.A.
*
*	Power Units = 1mW
*
*	Time Units = 1e-09 secs
*
*       report_power -hierarchy all
*
-----------------------------------------------------------------------------------------
*



Total Power
-----------------------------------------------------------------------------------------
Total Internal Power:       13.25084054 	   77.3447%
Total Switching Power:       3.87391884 	   22.6119%
Total Leakage Power:         0.00741973 	    0.0433%
Total Power:                17.13217910
-----------------------------------------------------------------------------------------


Group                           Internal   Switching     Leakage       Total  Percentage 
                                Power      Power         Power         Power  (%)        
-----------------------------------------------------------------------------------------
Sequential                         12.81      0.6046    0.005931       13.42       78.34
Macro                                  0           0           0           0           0
IO                                     0           0           0           0           0
Combinational                     0.0762      0.6279    0.001431      0.7055       4.118
Clock (Combinational)             0.3639       2.641   5.685e-05       3.005       17.54
Clock (Sequential)                     0           0           0           0           0
-----------------------------------------------------------------------------------------
Total                              13.25       3.874     0.00742       17.13         100
-----------------------------------------------------------------------------------------


Clock                           Internal   Switching     Leakage       Total  Percentage 
                                Power      Power         Power         Power  (%)        
-----------------------------------------------------------------------------------------
clk                               0.3639       2.641   5.685e-05       3.005       17.54
-----------------------------------------------------------------------------------------
Total                             0.3639       2.641   5.685e-05       3.005       17.54
-----------------------------------------------------------------------------------------
Clock: clk
Clock Period: 0.004000 usec 
Clock Toggle Rate:   500.0000 Mhz 
Clock Static Probability:  0.5000
  


Rail                  Voltage   Internal   Switching     Leakage       Total  Percentage 
                                Power      Power         Power         Power  (%)        
-----------------------------------------------------------------------------------------
VDD                       1.1      13.25       3.874     0.00742       17.13         100


Hierarchy                       Internal   Switching     Leakage       Total  Percentage 
                                Power      Power         Power         Power  (%)        
-----------------------------------------------------------------------------------------
 
 
-----------------------------------------------------------------------------------------
*	Power Distribution Summary: 
*              Highest Average Power:       CTS_ccl_a_buf_00157 (CLKBUFX20):          0.04112
*              Highest Leakage Power:       CTS_ccl_a_buf_00160 (CLKBUFX20):        1.033e-06
*                Total Cap:      9.89038e-11 F
*                Total instances in design: 29550
*                Total instances in design with no power:     0
*                Total instances in design with no activty:     0

*                Total Fillers and Decap:     0
-----------------------------------------------------------------------------------------
 
** INFO:  (VOLTUS_POWR-3465): There are 0 decaps and 0 fillers in the design

Ended Static Power Report Generation: (cpu=0:00:00, real=0:00:00,
mem(process/total/peak)=3112.14MB/10842.97MB/3589.44MB)

Begin Creating Binary Database
Ended Creating Binary Database: (cpu=0:00:01, real=0:00:02,
mem(process/total/peak)=3637.37MB/11100.18MB/3637.37MB)
