#-check_same_via_cell true               # bool, default=false, user setting
 *** Starting Verify DRC (MEM: 3506.8) ***

  VERIFY DRC ...... Starting Verification
  VERIFY DRC ...... Initializing
  VERIFY DRC ...... Deleting Existing Violations
  VERIFY DRC ...... Creating Sub-Areas
  VERIFY DRC ...... Using new threading
  VERIFY DRC ...... Sub-Area: {0.000 0.000 84.480 83.520} 1 of 49
  VERIFY DRC ...... Sub-Area : 1 complete 197 Viols.
  VERIFY DRC ...... Sub-Area: {84.480 0.000 168.960 83.520} 2 of 49
  VERIFY DRC ...... Sub-Area : 2 complete 468 Viols.
  VERIFY DRC ...... Sub-Area: {168.960 0.000 253.440 83.520} 3 of 49
  VERIFY DRC ...... Sub-Area : 3 complete 315 Viols.
  VERIFY DRC ...... Sub-Area: {253.440 0.000 337.920 83.520} 4 of 49
**WARN: (IMPVFG-1103):	VERIFY DRC did not complete: Number of violations hits the Error Limit [1000]. To get full DRC report, please use "verify_drc -limit 0", which will have a runtime impact.

  Verification Complete : 1000 Viols.

 Violation Summary By Layer and Type:

	          Short   Totals
	Metal1     1000     1000
	Totals     1000     1000

 *** End Verify DRC (CPU TIME: 0:00:01.2  ELAPSED TIME: 0:00:02.0  MEM: -0.0M) ***

