
Power Net Detected:
        Voltage	    Name
             0V	    VSS
           1.1V	    VDD
             0V	    VSS
           1.1V	    VDD
Using Power View: all.
AAE_INFO: opIsDesignInPostRouteState() is 1
AAE_INFO: resetNetProps viewIdx 0 
Starting SI iteration 1 using Infinite Timing Windows
#################################################################################
# Design Stage: PostRoute
# Design Name: median_filter
# Design Mode: 90nm
# Analysis Mode: MMMC Non-OCV 
# Parasitics Mode: No SPEF/RCDB 
# Signoff Settings: SI On 
#################################################################################
#WARNING (NRIF-95) Option setNanoRouteMode -routeTopRoutingLayer has invalid value "0". Reset to max routing layer "11".
#Extract in post route mode
#Finish check_net_pin_list step Enter extract_rc_in_nr_cmd
#Fast data preparation for tQuantus.
#WARNING (NRIF-95) Option setNanoRouteMode -routeTopRoutingLayer has invalid value "0". Reset to max routing layer "11".
#Start routing data preparation on Tue Jun 30 23:35:20 2026
#
#WARNING (NRIF-95) Option setNanoRouteMode -routeTopRoutingLayer has invalid value "0". Reset to max routing layer "11".
#WARNING (NRIF-95) Option setNanoRouteMode -routeTopRoutingLayer has invalid value "0". Reset to max routing layer "11".
# Metal1       H   Track-Pitch = 0.19000    Line-2-Via Pitch = 0.13000
# Metal2       V   Track-Pitch = 0.20000    Line-2-Via Pitch = 0.15000
# Metal3       H   Track-Pitch = 0.19000    Line-2-Via Pitch = 0.15000
# Metal4       V   Track-Pitch = 0.20000    Line-2-Via Pitch = 0.15000
# Metal5       H   Track-Pitch = 0.19000    Line-2-Via Pitch = 0.15000
# Metal6       V   Track-Pitch = 0.20000    Line-2-Via Pitch = 0.15000
# Metal7       H   Track-Pitch = 0.19000    Line-2-Via Pitch = 0.15000
# Metal8       V   Track-Pitch = 0.20000    Line-2-Via Pitch = 0.15000
# Metal9       H   Track-Pitch = 0.19000    Line-2-Via Pitch = 0.15000
# Metal10      V   Track-Pitch = 0.50000    Line-2-Via Pitch = 0.42000
# Metal11      H   Track-Pitch = 0.47500    Line-2-Via Pitch = 0.43000
#Regenerating Ggrids automatically.
#Auto generating G-grids with size=15 tracks, using layer Metal3's pitch = 0.19000.
#Using automatically generated G-grids.
#Done routing data preparation.
#cpu time = 00:00:00, elapsed time = 00:00:00, memory = 2999.56 (MB), peak = 3003.87 (MB)
#WARNING (NRIF-95) Option setNanoRouteMode -routeTopRoutingLayer has invalid value "0". Reset to max routing layer "11".
#Start routing data preparation on Tue Jun 30 23:35:21 2026
#
#WARNING (NRIF-95) Option setNanoRouteMode -routeTopRoutingLayer has invalid value "0". Reset to max routing layer "11".
#WARNING (NRIF-95) Option setNanoRouteMode -routeTopRoutingLayer has invalid value "0". Reset to max routing layer "11".
#Bottom routing layer index=1(Metal1), bottom routing layer for shielding=1(Metal1), bottom shield layer=1(Metal1)
#shield_bottom_stripe_layer=1(Metal1), shield_top_stripe_layer=11(Metal11)
#pin_access_rlayer=2(Metal2)
#shield_top_dpt_rlayer=-1 top_rlayer=11 top_trim_metal_rlayer=-1 rlayer_lowest=1 bottom_rlayer=1
#enable_trim_layer_shield=F enable_dpt_layer_shield=F has_line_end_grid=F
#enable_dpt_layer_shield=F
#has_line_end_grid=F
#Regenerating Ggrids automatically.
#Auto generating G-grids with size=15 tracks, using layer Metal3's pitch = 0.19000.
#Using automatically generated G-grids.
#Done routing data preparation.
#cpu time = 00:00:02, elapsed time = 00:00:02, memory = 3027.60 (MB), peak = 3027.60 (MB)
#
#Start tQuantus RC extraction...
#Start building rc corner(s)...
#Number of RC Corner = 1
#Corner all /home/niorr/Downloads/gsclib045_all_v4.8/gsclib045/qrc/qx/gpdk045.tch 25.000000 (real) 
#(i=11, n=11 2000)
#METAL_1 -> Metal1 (1)
#METAL_2 -> Metal2 (2)
#METAL_3 -> Metal3 (3)
#METAL_4 -> Metal4 (4)
#METAL_5 -> Metal5 (5)
#METAL_6 -> Metal6 (6)
#METAL_7 -> Metal7 (7)
#METAL_8 -> Metal8 (8)
#METAL_9 -> Metal9 (9)
#METAL_10 -> Metal10 (10)
#METAL_11 -> Metal11 (11)
#SADV-On
# Corner(s) : 
#all [25.00]
# Corner id: 0
# Layout Scale: 1.000000
# Has Metal Fill model: yes
# Temperature was set
# Temperature : 25.000000
# Ref. Temp   : 25.000000
#SADV-Off
#total pattern=286 [11, 792]
#Reading previously stored rc_model file ( /home/niorr/FPT_Bulbasaurs/physical_design/results/median/results/median.enc.dat/libs/misc/rc_model.bin ) ...
#found CAPMODEL /home/niorr/Downloads/gsclib045_all_v4.8/gsclib045/qrc/qx/gpdk045.tch
#found RESMODEL /home/niorr/Downloads/gsclib045_all_v4.8/gsclib045/qrc/qx/gpdk045.tch 25.000000 
#CCE Version read = IQuantus/TQuantus 24.1.0-s201
#number model r/c [1,1] [11,792] read
#0 rcmodel(s) requires rebuild
#Build RC corners: cpu time = 00:00:01, elapsed time = 00:00:01, memory = 3048.72 (MB), peak = 3064.80 (MB)
#Finish check_net_pin_list step Enter extract
#Start init net ripin tree building
#Finish init net ripin tree building
#Cpu time = 00:00:00
#Elapsed time = 00:00:00
#Increased memory = 0.04 (MB)
#Total memory = 3048.75 (MB)
#Peak memory = 3064.80 (MB)
#begin processing metal fill model file
#end processing metal fill model file
#WARNING (NRIF-95) Option setNanoRouteMode -routeTopRoutingLayer has invalid value "0". Reset to max routing layer "11".
#Length limit = 200 pitches
#opt mode = 2
#Finish check_net_pin_list step Fix net pin list
#Start generate extraction boxes.
#
#Extract using 30 x 30 Hboxes
#8x8 initial hboxes
#Use area based hbox pruning.
#0/0 hboxes pruned.
#Complete generating extraction boxes.
#Extract 49 hboxes with single thread on machine with  Core_i5 3.10GHz 3072KB Cache 4CPU...
#Process 0 special clock nets for rc extraction
#Total 47315 nets were built. 4380 nodes added to break long wires. 0 net(s) have incomplete routes.
#Run Statistics for Extraction:
#   Cpu time = 00:00:44, elapsed time = 00:00:44 .
#   Increased memory =   224.63 (MB), total memory =  3279.18 (MB), peak memory =  3279.18 (MB)
#Register nets and terms for rcdb /home/niorr/log/innovus_temp_24184_6fac107d-9cc8-4623-9c62-521c08f1035b_lnx60_niorr_MMboa9/nr0_24184_6fac107d-9cc8-4623-9c62-521c08f1035bT0Ikdn.rcdb.d
#Finish registering nets and terms for rcdb.
#Simplify RC tree: cpu time = 00:00:00, elapsed time = 00:00:00, memory = 3238.47 (MB), peak = 3279.07 (MB)
#WARNING (NRIF-95) Option setNanoRouteMode -routeTopRoutingLayer has invalid value "0". Reset to max routing layer "11".
#RC Statistics: 390520 Res, 216602 Ground Cap, 16875 XCap (Edge to Edge)
#WARNING (NREX-102) Net i_data[0] is not extracted due to Has no routing. The result of timing analysis involving such net is inaccurate.
#WARNING (NREX-102) Net i_data[1] is not extracted due to Has no routing. The result of timing analysis involving such net is inaccurate.
#WARNING (NREX-102) Net i_data[2] is not extracted due to Has no routing. The result of timing analysis involving such net is inaccurate.
#WARNING (NREX-102) Net i_data[3] is not extracted due to Has no routing. The result of timing analysis involving such net is inaccurate.
#WARNING (NREX-102) Net i_data[4] is not extracted due to Has no routing. The result of timing analysis involving such net is inaccurate.
#WARNING (NREX-102) Net i_data[11] is not extracted due to Has no routing. The result of timing analysis involving such net is inaccurate.
#WARNING (NREX-102) Net i_data[12] is not extracted due to Has no routing. The result of timing analysis involving such net is inaccurate.
#WARNING (NREX-102) Net i_data[13] is not extracted due to Has no routing. The result of timing analysis involving such net is inaccurate.
#WARNING (NREX-102) Net i_data[14] is not extracted due to Has no routing. The result of timing analysis involving such net is inaccurate.
#WARNING (NREX-102) Net i_data[15] is not extracted due to Has no routing. The result of timing analysis involving such net is inaccurate.
#WARNING (NREX-102) Net FE_RN_1 is not extracted due to Has no routing. The result of timing analysis involving such net is inaccurate.
#WARNING (NREX-102) Net FE_RN_3 is not extracted due to Has no routing. The result of timing analysis involving such net is inaccurate.
#WARNING (NREX-102) Net FE_RN_4 is not extracted due to Has no routing. The result of timing analysis involving such net is inaccurate.
#WARNING (NREX-102) Net FE_RN_6 is not extracted due to Has no routing. The result of timing analysis involving such net is inaccurate.
#WARNING (NREX-102) Net FE_RN_7 is not extracted due to Has no routing. The result of timing analysis involving such net is inaccurate.
#WARNING (NREX-102) Net VDD is not extracted due to Has no routing. The result of timing analysis involving such net is inaccurate.
#WARNING (NREX-102) Net VSS is not extracted due to Has no routing. The result of timing analysis involving such net is inaccurate.
#WARNING (NREX-102) Net final_med[0] is not extracted due to Has no routing. The result of timing analysis involving such net is inaccurate.
#WARNING (NREX-102) Net final_med[1] is not extracted due to Has no routing. The result of timing analysis involving such net is inaccurate.
#WARNING (NREX-102) Net final_med[2] is not extracted due to Has no routing. The result of timing analysis involving such net is inaccurate.
#WARNING (EMS-27) Message (NREX-102) has exceeded the current message display limit of 20.
#To increase the message display limit, refer to the product command reference manual.
#RC V/H edge ratio: 0.51, Avg V/H Edge Length: 4138.79 (220064), Avg L-Edge Length: 8228.10 (106852)
#Nets and terms are pre-registered for rcdb /home/niorr/log/innovus_temp_24184_6fac107d-9cc8-4623-9c62-521c08f1035b_lnx60_niorr_MMboa9/nr0_24184_6fac107d-9cc8-4623-9c62-521c08f1035bT0Ikdn.rcdb.d.
#Start writing RC data.
#Finish writing RC data
#Finish writing rcdb with 439139 nodes, 391824 edges, and 41014 xcaps
#cpu time = 00:00:01, elapsed time = 00:00:01, memory = 3229.29 (MB), peak = 3279.07 (MB)
Restoring parasitic data from file '/home/niorr/log/innovus_temp_24184_6fac107d-9cc8-4623-9c62-521c08f1035b_lnx60_niorr_MMboa9/nr0_24184_6fac107d-9cc8-4623-9c62-521c08f1035bT0Ikdn.rcdb.d' ...
Reading RCDB with compressed RC data.
Reading RCDB with compressed RC data.
Begin read_parasitics... (cpu: 0:00:00.0 real: 0:00:00.0 mem: 3230.102M)
Following multi-corner parasitics specified:
	/home/niorr/log/innovus_temp_24184_6fac107d-9cc8-4623-9c62-521c08f1035b_lnx60_niorr_MMboa9/nr0_24184_6fac107d-9cc8-4623-9c62-521c08f1035bT0Ikdn.rcdb.d (rcdb)
Reading RCDB with compressed RC data.
		Cell median_filter has rcdb /home/niorr/log/innovus_temp_24184_6fac107d-9cc8-4623-9c62-521c08f1035b_lnx60_niorr_MMboa9/nr0_24184_6fac107d-9cc8-4623-9c62-521c08f1035bT0Ikdn.rcdb.d specified
Cell median_filter, hinst 
Reading RCDB with compressed RC data.
Done read_parasitics... (cpu: 0:00:00.9 real: 0:00:00.0 mem: 3231.797M)
#
#Restore RCDB.
#
#Complete tQuantus RC extraction.
#Cpu time = 00:00:49
#Elapsed time = 00:00:49
#Increased memory = 204.09 (MB)
#Total memory = 3231.80 (MB)
#Peak memory = 3279.07 (MB)
#
#4380 inserted nodes are removed
#Restored 0 tie nets, 0 tie snets, 0 partial nets
#Start Design Signature (0)
#Finish Inst Signature in MT(15975291)
#Finish Net Signature in MT(56290854)
#Finish SNet Signature in MT (109875509)
#Run time and memory report for RC extraction:
#RC extraction running on  Core_i5 3.10GHz 3072KB Cache 4CPU.
#Run Statistics for snet signature:
#   Cpu time = 00:00:00, elapsed time = 00:00:00 .
#   Increased memory =     0.00 (MB), total memory =  3084.77 (MB), peak memory =  3279.07 (MB)
#Run Statistics for Net Final Signature:
#   Cpu time = 00:00:00, elapsed time = 00:00:00 .
#   Increased memory =     0.00 (MB), total memory =  3085.13 (MB), peak memory =  3279.07 (MB)
#Run Statistics for Net launch:
#   Cpu time = 00:00:00, elapsed time = 00:00:00 .
#   Increased memory =     0.06 (MB), total memory =  3085.13 (MB), peak memory =  3279.07 (MB)
#Run Statistics for Net init_dbsNet_slist:
#   Cpu time = 00:00:00, elapsed time = 00:00:00 .
#   Increased memory =     0.36 (MB), total memory =  3085.07 (MB), peak memory =  3279.07 (MB)
#Run Statistics for net signature:
#   Cpu time = 00:00:00, elapsed time = 00:00:00 .
#   Increased memory =     0.06 (MB), total memory =  3084.77 (MB), peak memory =  3279.07 (MB)
#Run Statistics for inst signature:
#   Cpu time = 00:00:00, elapsed time = 00:00:00 .
#   Increased memory =    -1.21 (MB), total memory =  3084.70 (MB), peak memory =  3279.07 (MB)
AAE_INFO: 1 threads acquired from CTE.
Calculate delays in BcWc mode...
Start delay calculation (fullDC) (1 T). (MEM=3189.38)
AAE_INFO: Number of noise libraries( CDBs ) loaded = 2
AAE_INFO: Cdb files are: 
 	/home/niorr/FPT_Bulbasaurs/physical_design/results/median/results/median.enc.dat/libs/mmmc/fast.cdb
	/home/niorr/FPT_Bulbasaurs/physical_design/results/median/results/median.enc.dat/libs/mmmc/slow.cdb
 
**WARN: (IMPESI-3311):	Pin CO of Cell ADDFHX2 for timing library fast_vdd1v0 has different voltage for the vivo between CDB(1.32) and timing library(1.1). This vivo will be ignored.
Type 'man IMPESI-3311' for more detail.
**WARN: (IMPESI-3311):	Pin CO of Cell ADDFHX2 for timing library fast_vdd1v0 has different voltage for the vivo between CDB(1.32) and timing library(1.1). This vivo will be ignored.
Type 'man IMPESI-3311' for more detail.
**WARN: (IMPESI-3311):	Pin CO of Cell ADDFHX2 for timing library fast_vdd1v0 has different voltage for the vivo between CDB(1.32) and timing library(1.1). This vivo will be ignored.
Type 'man IMPESI-3311' for more detail.
**WARN: (IMPESI-3311):	Pin CO of Cell ADDFHX2 for timing library fast_vdd1v0 has different voltage for the vivo between CDB(1.32) and timing library(1.1). This vivo will be ignored.
Type 'man IMPESI-3311' for more detail.
**WARN: (IMPESI-3311):	Pin CO of Cell ADDFHX2 for timing library fast_vdd1v0 has different voltage for the vivo between CDB(1.32) and timing library(1.1). This vivo will be ignored.
Type 'man IMPESI-3311' for more detail.
**WARN: (IMPESI-3311):	Pin CO of Cell ADDFHX2 for timing library fast_vdd1v0 has different voltage for the vivo between CDB(1.32) and timing library(1.1). This vivo will be ignored.
Type 'man IMPESI-3311' for more detail.
**WARN: (IMPESI-3311):	Pin CO of Cell ADDFHX2 for timing library fast_vdd1v0 has different voltage for the vivo between CDB(1.32) and timing library(1.1). This vivo will be ignored.
Type 'man IMPESI-3311' for more detail.
**WARN: (IMPESI-3311):	Pin CO of Cell ADDFHX2 for timing library fast_vdd1v0 has different voltage for the vivo between CDB(1.32) and timing library(1.1). This vivo will be ignored.
Type 'man IMPESI-3311' for more detail.
**WARN: (IMPESI-3311):	Pin S of Cell ADDFHX2 for timing library fast_vdd1v0 has different voltage for the vivo between CDB(1.32) and timing library(1.1). This vivo will be ignored.
Type 'man IMPESI-3311' for more detail.
**WARN: (IMPESI-3311):	Pin S of Cell ADDFHX2 for timing library fast_vdd1v0 has different voltage for the vivo between CDB(1.32) and timing library(1.1). This vivo will be ignored.
Type 'man IMPESI-3311' for more detail.
**WARN: (IMPESI-3311):	Pin S of Cell ADDFHX2 for timing library fast_vdd1v0 has different voltage for the vivo between CDB(1.32) and timing library(1.1). This vivo will be ignored.
Type 'man IMPESI-3311' for more detail.
**WARN: (IMPESI-3311):	Pin S of Cell ADDFHX2 for timing library fast_vdd1v0 has different voltage for the vivo between CDB(1.32) and timing library(1.1). This vivo will be ignored.
Type 'man IMPESI-3311' for more detail.
**WARN: (IMPESI-3311):	Pin S of Cell ADDFHX2 for timing library fast_vdd1v0 has different voltage for the vivo between CDB(1.32) and timing library(1.1). This vivo will be ignored.
Type 'man IMPESI-3311' for more detail.
**WARN: (IMPESI-3311):	Pin S of Cell ADDFHX2 for timing library fast_vdd1v0 has different voltage for the vivo between CDB(1.32) and timing library(1.1). This vivo will be ignored.
Type 'man IMPESI-3311' for more detail.
**WARN: (IMPESI-3311):	Pin S of Cell ADDFHX2 for timing library fast_vdd1v0 has different voltage for the vivo between CDB(1.32) and timing library(1.1). This vivo will be ignored.
Type 'man IMPESI-3311' for more detail.
**WARN: (IMPESI-3311):	Pin S of Cell ADDFHX2 for timing library fast_vdd1v0 has different voltage for the vivo between CDB(1.32) and timing library(1.1). This vivo will be ignored.
Type 'man IMPESI-3311' for more detail.
**WARN: (IMPESI-3311):	Pin CO of Cell ADDFHX2 for timing library fast_vdd1v0 has different voltage for the vivo between CDB(1.32) and timing library(1.1). This vivo will be ignored.
Type 'man IMPESI-3311' for more detail.
**WARN: (IMPESI-3311):	Pin CO of Cell ADDFHX2 for timing library fast_vdd1v0 has different voltage for the vivo between CDB(1.32) and timing library(1.1). This vivo will be ignored.
Type 'man IMPESI-3311' for more detail.
**WARN: (IMPESI-3311):	Pin CO of Cell ADDFHX2 for timing library fast_vdd1v0 has different voltage for the vivo between CDB(1.32) and timing library(1.1). This vivo will be ignored.
Type 'man IMPESI-3311' for more detail.
**WARN: (IMPESI-3311):	Pin CO of Cell ADDFHX2 for timing library fast_vdd1v0 has different voltage for the vivo between CDB(1.32) and timing library(1.1). This vivo will be ignored.
Type 'man IMPESI-3311' for more detail.
Reading RCDB with compressed RC data.
Total number of fetched objects 47315
AAE_INFO: Total number of nets for which stage creation was skipped for all views 0
AAE_INFO-618: Total number of nets in the design is 47339,  99.9 percent of the nets selected for SI analysis
End delay calculation. (MEM=3246.12 CPU=0:00:09.2 REAL=0:00:09.0)
End delay calculation (fullDC). (MEM=3229.45 CPU=0:00:11.2 REAL=0:00:13.0)
Save waveform /home/niorr/log/innovus_temp_24184_6fac107d-9cc8-4623-9c62-521c08f1035b_lnx60_niorr_MMboa9/.AAE_0APAUo/.AAE_24184_6fac107d-9cc8-4623-9c62-521c08f1035b/waveform.data...
Loading CTE timing window with TwFlowType 0...(CPU = 0:00:00.0, REAL = 0:00:00.0, MEM = 3249.8M)
Add other clocks and setupCteToAAEClockMapping during iter 1
Loading CTE timing window is completed (CPU = 0:00:00.7, REAL = 0:00:01.0, MEM = 3250.1M)
Starting SI iteration 2
Calculate delays in BcWc mode...
Start delay calculation (fullDC) (1 T). (MEM=3229.02)
Total number of fetched objects 47315
AAE_INFO: Total number of nets for which stage creation was skipped for all views 0
AAE_INFO-618: Total number of nets in the design is 47339,  0.0 percent of the nets selected for SI analysis
End delay calculation. (MEM=3254.94 CPU=0:00:00.5 REAL=0:00:01.0)
End delay calculation (fullDC). (MEM=3254.94 CPU=0:00:00.6 REAL=0:00:01.0)
Load RC corner of view all

Begin Power Analysis

             0V	    VSS
           1.1V	    VDD

Begin Processing Timing Library for Power Calculation

Ended Processing Timing Library for Power Calculation: (cpu=0:00:00, real=0:00:00, mem(process/total/peak)=3246.84MB/9537.95MB/3268.57MB)



Begin Processing Power Net/Grid for Power Calculation

Ended Processing Power Net/Grid for Power Calculation: (cpu=0:00:00, real=0:00:00, mem(process/total/peak)=3246.84MB/9537.95MB/3268.57MB)

Begin Processing Timing Window Data for Power Calculation

clk(250MHz) CK: assigning clock clk to net clk
Ended Processing Timing Window Data for Power Calculation: (cpu=0:00:00, real=0:00:00, mem(process/total/peak)=3264.99MB/9537.95MB/3268.57MB)

Begin Processing User Attributes

Ended Processing User Attributes: (cpu=0:00:00, real=0:00:00, mem(process/total/peak)=3268.05MB/9537.95MB/3268.57MB)

Begin Processing Signal Activity


Starting Levelizing
2026-Jun-30 23:36:37 (2026-Jun-30 16:36:37 GMT)
2026-Jun-30 23:36:37 (2026-Jun-30 16:36:37 GMT): 10%
2026-Jun-30 23:36:37 (2026-Jun-30 16:36:37 GMT): 20%
2026-Jun-30 23:36:37 (2026-Jun-30 16:36:37 GMT): 30%
2026-Jun-30 23:36:37 (2026-Jun-30 16:36:37 GMT): 40%
2026-Jun-30 23:36:37 (2026-Jun-30 16:36:37 GMT): 50%
2026-Jun-30 23:36:37 (2026-Jun-30 16:36:37 GMT): 60%
2026-Jun-30 23:36:37 (2026-Jun-30 16:36:37 GMT): 70%
2026-Jun-30 23:36:37 (2026-Jun-30 16:36:37 GMT): 80%
2026-Jun-30 23:36:37 (2026-Jun-30 16:36:37 GMT): 90%

Finished Levelizing
2026-Jun-30 23:36:37 (2026-Jun-30 16:36:37 GMT)

Starting Activity Propagation
2026-Jun-30 23:36:37 (2026-Jun-30 16:36:37 GMT)
** INFO:  (VOLTUS_POWR-1356): No default input activity has been set. Defaulting to 0.2.
Use 'set_default_switching_activity -input_activity' command to change the default activity value.

2026-Jun-30 23:36:38 (2026-Jun-30 16:36:38 GMT): 10%

Finished Activity Propagation
2026-Jun-30 23:36:40 (2026-Jun-30 16:36:40 GMT)
Ended Processing Signal Activity: (cpu=0:00:03, real=0:00:03, mem(process/total/peak)=3273.73MB/9537.95MB/3273.73MB)

Begin Power Computation

      ----------------------------------------------------------
      # of cell(s) missing both power/leakage table: 0
      # of cell(s) missing power table: 0
      # of cell(s) missing leakage table: 0
      ----------------------------------------------------------



Starting Calculating power
2026-Jun-30 23:36:40 (2026-Jun-30 16:36:40 GMT)
 ... Calculating switching power
2026-Jun-30 23:36:40 (2026-Jun-30 16:36:40 GMT): 10%
2026-Jun-30 23:36:40 (2026-Jun-30 16:36:40 GMT): 20%
2026-Jun-30 23:36:40 (2026-Jun-30 16:36:40 GMT): 30%
2026-Jun-30 23:36:40 (2026-Jun-30 16:36:40 GMT): 40%
2026-Jun-30 23:36:40 (2026-Jun-30 16:36:40 GMT): 50%
 ... Calculating internal and leakage power
2026-Jun-30 23:36:41 (2026-Jun-30 16:36:41 GMT): 60%
2026-Jun-30 23:36:42 (2026-Jun-30 16:36:42 GMT): 70%
2026-Jun-30 23:36:44 (2026-Jun-30 16:36:44 GMT): 80%
2026-Jun-30 23:36:45 (2026-Jun-30 16:36:45 GMT): 90%

Finished Calculating power
2026-Jun-30 23:36:46 (2026-Jun-30 16:36:46 GMT)
      # of MSMV cell(s) missing power_level: 0
Ended Power Computation: (cpu=0:00:05, real=0:00:06, mem(process/total/peak)=3276.79MB/9537.95MB/3276.79MB)

Begin Processing User Attributes

Begin Processing set_power
Ended Processing set_power: (cpu=0:00:00, real=0:00:00,
mem(process/total/peak)=3276.91MB/9537.95MB/3276.91MB)
Ended Processing User Attributes: (cpu=0:00:00, real=0:00:00, mem(process/total/peak)=3276.91MB/9537.95MB/3276.91MB)

Ended Power Analysis: (cpu=0:00:10, real=0:00:10, mem(process/total/peak)=3276.91MB/9537.95MB/3276.91MB)

Begin Boundary Leakage Calculation
Ended Boundary Leakage Calculation: (cpu=0:00:00, real=0:00:00,
mem(process/total/peak)=3276.91MB/9537.95MB/3276.91MB)
Begin Static Power Report Generation
*----------------------------------------------------------------------------------------
*	Innovus 25.10-p002_1 (64bit) 04/23/2025 12:43 (Linux 4.18.0-305.el8.x86_64)
*	
*
* 	Date & Time:	2026-Jun-30 23:36:46 (2026-Jun-30 16:36:46 GMT)
*
*----------------------------------------------------------------------------------------
*
*	Design: median_filter
*
*	Liberty Libraries used:
*	        all: /home/niorr/FPT_Bulbasaurs/physical_design/results/median/results/median.enc.dat/libs/mmmc/fast_vdd1v0_basicCells.lib
*
*	Parasitic Files used:
*
*       Power View : all
*
*       User-Defined Activity : N.A.
*
*       Activity File: N.A.
*
*       Hierarchical Global Activity: N.A.
*
*       Global Activity: N.A.
*
*       Sequential Element Activity: 0.200000
*
*       Primary Input Activity: 0.200000
*
*       Default icg ratio: N.A.
*
*       Global Comb ClockGate Ratio: N.A.
*
*	Power Units = 1mW
*
*	Time Units = 1e-09 secs
*
*       report_power
*
-----------------------------------------------------------------------------------------
*



Total Power
-----------------------------------------------------------------------------------------
Total Internal Power:       21.46063595 	   78.2709%
Total Switching Power:       5.94611393 	   21.6866%
Total Leakage Power:         0.01166817 	    0.0426%
Total Power:                27.41841805
-----------------------------------------------------------------------------------------


Group                           Internal   Switching     Leakage       Total  Percentage 
                                Power      Power         Power         Power  (%)        
-----------------------------------------------------------------------------------------
Sequential                         20.29      0.8745     0.00931       21.17       77.23
Macro                                  0           0           0           0           0
IO                                     0           0           0           0           0
Combinational                     0.1131       1.015    0.002195       1.131       4.124
Clock (Combinational)              1.056       4.056   0.0001629       5.113       18.65
Clock (Sequential)                     0           0           0           0           0
-----------------------------------------------------------------------------------------
Total                              21.46       5.946     0.01167       27.42         100
-----------------------------------------------------------------------------------------


Rail                  Voltage   Internal   Switching     Leakage       Total  Percentage 
                                Power      Power         Power         Power  (%)        
-----------------------------------------------------------------------------------------
VDD                       1.1      21.46       5.946     0.01167       27.42         100


Clock                           Internal   Switching     Leakage       Total  Percentage 
                                Power      Power         Power         Power  (%)        
-----------------------------------------------------------------------------------------
clk                                1.056       4.056   0.0001629       5.113       18.65
-----------------------------------------------------------------------------------------
Total                              1.056       4.056   0.0001629       5.113       18.65
-----------------------------------------------------------------------------------------
Clock: clk
Clock Period: 0.004000 usec 
Clock Toggle Rate:   500.0000 Mhz 
Clock Static Probability:  0.5000
  
 
 
-----------------------------------------------------------------------------------------
*	Power Distribution Summary: 
*              Highest Average Power:       CTS_ccl_a_buf_00257 (CLKBUFX16):          0.02325
*              Highest Leakage Power:       CTS_ccl_a_buf_00258 (CLKBUFX16):        8.252e-07
*                Total Cap:      1.59589e-10 F
*                Total instances in design: 47303
*                Total instances in design with no power:     0
*                Total instances in design with no activty:     0

*                Total Fillers and Decap:     0
-----------------------------------------------------------------------------------------
 
** INFO:  (VOLTUS_POWR-3465): There are 0 decaps and 0 fillers in the design

Ended Static Power Report Generation: (cpu=0:00:00, real=0:00:00,
mem(process/total/peak)=3292.07MB/9537.95MB/3292.07MB)

